******************************************************************************
            TI ARM Clang Linker PC v2.1.0                      
******************************************************************************
>> Linked Tue May 28 16:11:30 2024

OUTPUT FILE NAME:   <output.hex>
ENTRY POINT SYMBOL: "_c_int00"  address: 000039ed


MEMORY CONFIGURATION

         name            origin    length      used     unused   attr    fill
----------------------  --------  ---------  --------  --------  ----  --------
  P_MEM                 00000020   00040000  00005017  0003afe9  RWIX
  D_MEM                 20000020   00010000  0000a415  00005beb  RWIX


SEGMENT ALLOCATION MAP

run origin  load origin   length   init length attrs members
----------  ----------- ---------- ----------- ----- -------
00000020    00000020    00003df4   00003df4    r-x
  00000020    00000020    00003df4   00003df4    r-x .text
00003e20    00003e20    00000183   00000183    r--
  00003e20    00003e20    00000183   00000183    r-- .rodata
00003fa4    00003fa4    00001000   00001000    rw-
  00003fa4    00003fa4    00001000   00001000    rw- .args
00004fa4    00004fa4    000000a0   000000a0    r--
  00004fa4    00004fa4    000000a0   000000a0    r-- .cinit
20000020    20000020    0000a418   00000000    rw-
  20000020    20000020    00008000   00000000    rw- .stack
  20008020    20008020    00002000   00000000    rw- .sysmem
  2000a020    2000a020    00000225   00000000    rw- .data
  2000a248    2000a248    000001f0   00000000    rw- .bss


SECTION ALLOCATION MAP

 output                                  attributes/
section   page    origin      length       input sections
--------  ----  ----------  ----------   ----------------
.text      0    00000020    00003df4     
                  00000020    000009d4     libc.a : _printfi.c.obj (.text:__TI_printfi)
                  000009f4    000002da     CanIf.o (.text.CanIf_SetPduMode)
                  00000cce    00000002     stubs.o (.text.Can_DeInit)
                  00000cd0    000002b8     libc.a : _printfi.c.obj (.text._pconv_a)
                  00000f88    00000268            : _printfi.c.obj (.text:__TI_printfi_minimal)
                  000011f0    00000238            : _printfi.c.obj (.text._pconv_g)
                  00001428    000001cc     CanIf.o (.text.CanIf_SetControllerMode)
                  000015f4    000001b6     libclang_rt.builtins.a : adddf3.S.obj (.text)
                  000017aa    00000004     libc.a : memory.c.obj (.text.__TI_heap_check)
                  000017ae    00000002     stubs.o (.text.Can_MainFunction_BusOff)
                  000017b0    000001a0     libc.a : _printfi.c.obj (.text.fcvt)
                  00001950    00000180            : _printfi.c.obj (.text._pconv_e)
                  00001ad0    00000140     CanIf.o (.text.CanIf_RxIndication)
                  00001c10    00000136     libclang_rt.builtins.a : divdf3.S.obj (.text)
                  00001d46    00000002     stubs.o (.text.Can_MainFunction_Error)
                  00001d48    00000120     libc.a : fopen.c.obj (.text._openfile)
                  00001e68    00000120            : memory.c.obj (.text.aligned_alloc)
                  00001f88    0000010c            : s_scalbn.c.obj (.text.scalbn)
                  00002094    000000fc     libclang_rt.builtins.a : muldf3.S.obj (.text)
                  00002190    000000f8     libc.a : memory.c.obj (.text.free)
                  00002288    000000f0            : fputs.c.obj (.text.fputs)
                  00002378    000000ee     CanIf.o (.text.CanIf_Transmit)
                  00002466    00000002     stubs.o (.text.Can_MainFunction_Read)
                  00002468    000000d8     libc.a : memory.c.obj (.text.realloc)
                  00002540    000000d8            : setvbuf.c.obj (.text.setvbuf)
                  00002618    000000b0     libclang_rt.builtins.a : udivmoddi4.S.obj (.text)
                  000026c8    000000ac     libsysbm.a : open.c.obj (.text.open)
                  00002774    000000a0     CanIf.o (.text.CanIf_Arc_Error)
                  00002814    0000008e     CanIf.o (.text.CanIf_InitController)
                  000028a2    00000002     stubs.o (.text.Can_MainFunction_Wakeup)
                  000028a4    00000088     libc.a : fputc.c.obj (.text.fputc)
                  0000292c    00000084            : fopen.c.obj (.text.fopen)
                  000029b0    0000007e     CanIf.o (.text.CanIf_ControllerBusOff)
                  00002a2e    00000078     CanIf.o (.text.CanIf_Arc_FindHrhChannel)
                  00002aa6    00000078     CanIf.o (.text.CanIf_Init)
                  00002b1e    00000002     stubs.o (.text.Can_MainFunction_Write)
                  00002b20    00000074     libc.a : fclose.c.obj (.text.__TI_closefile)
                  00002b94    00000074            : fflush.c.obj (.text.fflush)
                  00002c08    00000072     CanIf.o (.text.CanIf_TxConfirmation)
                  00002c7a    00000002     libclang_rt.builtins.a : aeabi_div0.c.obj (.text.__aeabi_idiv0)
                  00002c7c    0000006e                            : comparedf2.c.obj (.text.__gedf2)
                  00002cea    00000002                            : aeabi_div0.c.obj (.text.__aeabi_ldiv0)
                  00002cec    0000006e                            : comparedf2.c.obj (.text.__ledf2)
                  00002d5a    0000006c     libc.a : _printfi.c.obj (.text._mcpy)
                  00002dc6    00000002            : _lock.c.obj (.text._nop)
                  00002dc8    0000006c            : memory.c.obj (.text.split)
                  00002e34    0000006a            : copy_decompress_lzss.c.obj (.text:decompress:lzss)
                  00002e9e    00000002     --HOLE-- [fill = 0]
                  00002ea0    00000068            : s_frexp.c.obj (.text.frexp)
                  00002f08    00000068            : fseek.c.obj (.text.fseeko)
                  00002f70    00000068            : getdevice.c.obj (.text.getdevice)
                  00002fd8    00000064     libsysbm.a : hostrename.c.obj (.text.HOSTrename)
                  0000303c    00000062     libclang_rt.builtins.a : aeabi_dcmp.S.obj (.text)
                  0000309e    00000060     libc.a : _io_perm.c.obj (.text.__TI_wrt_ok)
                  000030fe    00000002     --HOLE-- [fill = 0]
                  00003100    00000060     libsysbm.a : close.c.obj (.text.close)
                  00003160    00000060     libc.a : printf.c.obj (.text.printf)
                  000031c0    00000058     libsysbm.a : hostlseek.c.obj (.text.HOSTlseek)
                  00003218    00000058                : hostopen.c.obj (.text.HOSTopen)
                  00003270    00000056     libc.a : _ltoa.c.obj (.text.__TI_ltoa)
                  000032c6    00000002     --HOLE-- [fill = 0]
                  000032c8    00000054     libsysbm.a : hostread.c.obj (.text.HOSTread)
                  0000331c    00000054                : hostwrite.c.obj (.text.HOSTwrite)
                  00003370    00000054     libc.a : _printfi.c.obj (.text._pconv_f)
                  000033c4    00000050            : cpy_tbl.c.obj (.text.copy_in)
                  00003414    0000004e            : fflush.c.obj (.text.__TI_doflush)
                  00003462    0000004e            : _printfi.c.obj (.text._ecpy)
                  000034b0    0000004a     CanIf.o (.text.CanIf_SetWakeupEvent)
                  000034fa    0000004a     libc.a : _io_perm.c.obj (.text.__TI_rd_ok)
                  00003544    00000048     CanIf.o (.text.CanIf_FindTxPduEntry)
                  0000358c    00000048     CanIf.o (.text.CanIf_PreInit_InitController)
                  000035d4    00000048     libc.a : aeabi_portable.c.obj (.text.__aeabi_assert)
                  0000361c    00000048            : atoi.c.obj (.text.atoi)
                  00003664    00000048     libclang_rt.builtins.a : fixdfsi.S.obj (.text)
                  000036ac    00000044     libsysbm.a : hostunlink.c.obj (.text.HOSTunlink)
                  000036f0    00000044     libc.a : memory.c.obj (.text.__TI_heap_largest_available)
                  00003734    00000040            : memory.c.obj (.text.__TI_heap_total_available)
                  00003774    0000003c     libsysbm.a : hostclose.c.obj (.text.HOSTclose)
                  000037b0    00000038     libc.a : memory.c.obj (.text.calloc)
                  000037e8    00000038            : sprintf.c.obj (.text.sprintf)
                  00003820    00000038            : autoinit.c.obj (.text:__TI_auto_init_nobinit_nopinit)
                  00003858    00000034            : fopen.c.obj (.text.__TI_cleanup)
                  0000388c    00000034     libsysbm.a : trgmsg.c.obj (.text.__TI_writemsg)
                  000038c0    00000034     libc.a : _printfi.c.obj (.text._fcpy)
                  000038f4    00000034            : getdevice.c.obj (.text.finddevice)
                  00003928    00000034            : fopen.c.obj (.text.freopen)
                  0000395c    00000030     libsysbm.a : trgmsg.c.obj (.text.__TI_readmsg)
                  0000398c    00000030     libclang_rt.builtins.a : comparedf2.c.obj (.text.__unorddf2)
                  000039bc    00000030     libc.a : exit.c.obj (.text.exit)
                  000039ec    00000030            : boot_cortex_m.c.obj (.text:_c_int00)
                  00003a1c    0000002e     libclang_rt.builtins.a : floatsidf.S.obj (.text)
                  00003a4a    0000002c     CanIf.o (.text.CanIf_GetControllerMode)
                  00003a76    0000002c     CanIf.o (.text.CanIf_GetPduMode)
                  00003aa2    00000002     --HOLE-- [fill = 0]
                  00003aa4    0000002c     libc.a : fclose.c.obj (.text.fclose)
                  00003ad0    0000002c     libsysbm.a : lseek.c.obj (.text.lseek)
                  00003afc    0000002c                : unlink.c.obj (.text.unlink)
                  00003b28    0000002c                : write.c.obj (.text.write)
                  00003b54    0000002a     main.o (.text.main)
                  00003b7e    00000002     --HOLE-- [fill = 0]
                  00003b80    00000028     libc.a : memory.c.obj (.text.free_list_insert)
                  00003ba8    00000024            : fputs.c.obj (.text.puts)
                  00003bcc    0000001e            : memccpy.c.obj (.text.memccpy)
                  00003bea    00000002     --HOLE-- [fill = 0]
                  00003bec    0000001c            : assert.c.obj (.text._abort_msg)
                  00003c08    0000001c            : memory.c.obj (.text.free_list_remove)
                  00003c24    0000001a     CanIf.o (.text.CanIf_Arc_GetChannelDefaultConfIndex)
                  00003c3e    00000018     libc.a : sprintf.c.obj (.text._outs)
                  00003c56    00000002     --HOLE-- [fill = 0]
                  00003c58    00000014            : args_main.c.obj (.text._args_main)
                  00003c6c    00000014     libclang_rt.builtins.a : aeabi_memset.S.obj (.text)
                  00003c80    00000014                            : aeabi_uldivmod.S.obj (.text)
                  00003c94    00000012     libc.a : _printfi.c.obj (.text.strchr)
                  00003ca6    00000012            : memcpy_t2.S.obj (.text:TI_memcpy_small)
                  00003cb8    00000012            : copy_zero_init.c.obj (.text:decompress:ZI:__TI_zero_init_nomemset)
                  00003cca    00000010     stubs.o (.text.Can_SetControllerMode)
                  00003cda    00000002     --HOLE-- [fill = 0]
                  00003cdc    00000010     libc.a : mathacl_init.c.obj (.text.__mathacl_init)
                  00003cec    00000010            : wcslen.c.obj (.text.wcslen)
                  00003cfc    0000000e     stubs.o (.text.Can_Write)
                  00003d0a    0000000e     libsysbm.a : hostrename.c.obj (.text.strcpy)
                  00003d18    0000000e     libc.a : _printfi.c.obj (.text.strlen)
                  00003d26    0000000e            : aeabi_portable.c.obj (.text.strlen)
                  00003d34    0000000e     libsysbm.a : hostrename.c.obj (.text.strlen)
                  00003d42    0000000e     libc.a : memset_t2.S.obj (.text:TI_memset_small)
                  00003d50    0000000e            : copy_decompress_none.c.obj (.text:decompress:none)
                  00003d5e    0000000c     stubs.o (.text.Can_Arc_GetStatistics)
                  00003d6a    0000000c     stubs.o (.text.Can_InitController)
                  00003d76    00000002     --HOLE-- [fill = 0]
                  00003d78    0000000c     libc.a : _lock.c.obj (.text._register_lock)
                  00003d84    0000000c            : _lock.c.obj (.text._register_unlock)
                  00003d90    0000000c            : memory.c.obj (.text.minit)
                  00003d9c    0000000c            : fputc.c.obj (.text.putchar)
                  00003da8    0000000a     stubs.o (.text.Can_Cbk_CheckWakeup)
                  00003db2    0000000a     stubs.o (.text.Can_DisableControllerInterrupts)
                  00003dbc    0000000a     stubs.o (.text.Can_EnableControllerInterrupts)
                  00003dc6    0000000a     libc.a : sprintf.c.obj (.text._outc)
                  00003dd0    00000008     stubs.o (.text.Can_Init)
                  00003dd8    00000008     libc.a : aeabi_portable.c.obj (.text.__aeabi_errno_addr)
                  00003de0    00000008            : aeabi_portable.c.obj (.text.__aeabi_localeconv)
                  00003de8    00000008            : memory.c.obj (.text.malloc)
                  00003df0    00000004            : aeabi_portable.c.obj (.text.__aeabi_MB_CUR_MAX)
                  00003df4    00000004            : printf.c.obj (.text._outc)
                  00003df8    00000004            : printf.c.obj (.text._outs)
                  00003dfc    00000004            : pre_init.c.obj (.text._system_pre_init)
                  00003e00    00000004            : fseek.c.obj (.text.fseek)
                  00003e04    00000004            : fputc.c.obj (.text.putc)
                  00003e08    00000004     libsysbm.a : remove.c.obj (.text.remove)
                  00003e0c    00000004     libc.a : exit.c.obj (.text:abort)
                  00003e10    00000004     libclang_rt.builtins.a : aeabi_memcpy.S.obj (.text)

.cinit     0    00004fa4    000000a0     
                  00004fa4    00000079     (.cinit..data.load) [load image, compression = lzss]
                  0000501d    00000003     --HOLE-- [fill = 0]
                  00005020    0000000c     (__TI_handler_table)
                  0000502c    00000008     (.cinit..bss.load) [load image, compression = zero_init]
                  00005034    00000010     (__TI_cinit_table)

.stack     0    20000020    00008000     UNINITIALIZED
                  20000020    00000004     libc.a : boot_cortex_m.c.obj (.stack)
                  20000024    00007ffc     --HOLE--

.sysmem    0    20008020    00002000     UNINITIALIZED
                  20008020    00000010     libc.a : memory.c.obj (.sysmem)
                  20008030    00001ff0     --HOLE--

.data      0    2000a020    00000225     UNINITIALIZED
                  2000a020    000000f0     libc.a : defs.c.obj (.data._ftable)
                  2000a110    00000078     libsysbm.a : host_device.c.obj (.data._device)
                  2000a188    00000050                : host_device.c.obj (.data._stream)
                  2000a1d8    00000038     libc.a : aeabi_portable.c.obj (.data.C_locale)
                  2000a210    00000008            : exit.c.obj (.data..L_MergedGlobals)
                  2000a218    00000004            : exit.c.obj (.data.__TI_enable_exit_profile_output)
                  2000a21c    00000004            : defs.c.obj (.data.__TI_ft_end)
                  2000a220    00000004            : aeabi_portable.c.obj (.data.__aeabi_errno)
                  2000a224    00000004            : defs.c.obj (.data.__aeabi_stderr)
                  2000a228    00000004            : defs.c.obj (.data.__aeabi_stdin)
                  2000a22c    00000004            : defs.c.obj (.data.__aeabi_stdout)
                  2000a230    00000004            : exit.c.obj (.data.__dso_handle)
                  2000a234    00000004            : _lock.c.obj (.data._lock)
                  2000a238    00000004            : _lock.c.obj (.data._unlock)
                  2000a23c    00000001            : fopen.c.obj (.data._search_fp.init)
                  2000a23d    00000003     --HOLE--
                  2000a240    00000001            : memory.c.obj (.data.memory_is_initialized)
                  2000a241    00000003     --HOLE--
                  2000a244    00000001     libsysbm.a : open.c.obj (.data.open.stream_init)

.bss       0    2000a248    000001f0     UNINITIALIZED
                  2000a248    00000120     libsysbm.a : trgmsg.c.obj (.bss:_CIOBUF_)
                  2000a368    000000a0     (.common:__TI_tmpnams)
                  2000a408    00000018     (.common:CanIf_Config)
                  2000a420    00000008     (.common:parmbuf)
                  2000a428    00000005     (.common:CanIf_Global)
                  2000a42d    00000003     --HOLE--
                  2000a430    00000004     CanIf.o (.bss.CanIf_ConfigPtr)
                  2000a434    00000004     libc.a : memory.c.obj (.bss.sys_free)

.rodata    0    00003e20    00000183     
                  00003e20    00000101     libc.a : aeabi_ctype.S.obj (.rodata)
                  00003f21    00000045            : aeabi_portable.c.obj (.rodata.str1.1)
                  00003f66    00000022            : _printfi.c.obj (.rodata.str1.1)
                  00003f88    00000019     main.o (.rodata.str1.1)
                  00003fa1    00000002     libc.a : fputs.c.obj (.rodata.str1.1)

.init_array 
*          0    00000020    00000000     UNINITIALIZED

__llvm_prf_cnts 
*          0    20000020    00000000     UNINITIALIZED

__llvm_prf_bits 
*          0    20000020    00000000     UNINITIALIZED

.args      0    00003fa4    00001000     
                  00003fa4    00001000     --HOLE-- [fill = 0]

MODULE SUMMARY

       Module                       code    ro data   rw data
       ------                       ----    -------   -------
    <current directory>
       CanIf.o                      2862    0         9      
       stubs.o                      104     0         24     
       main.o                       42      25        0      
    +--+----------------------------+-------+---------+---------+
       Total:                       3008    25        33     
                                                             
    C:\Program Files\ti-cgt-armllvm_2.1.0.LTS\lib\armv7em-ti-none-eabihf/c/libc.a
       _printfi.c.obj               5550    34        0      
       memory.c.obj                 1140    0         5      
       fopen.c.obj                  524     0         1      
       defs.c.obj                   0       0         416    
       fputs.c.obj                  276     2         0      
       s_scalbn.c.obj               268     0         0      
       aeabi_ctype.S.obj            0       257       0      
       aeabi_portable.c.obj         106     69        60     
       setvbuf.c.obj                216     0         0      
       fflush.c.obj                 194     0         0      
       _io_perm.c.obj               170     0         0      
       fclose.c.obj                 160     0         0      
       getdevice.c.obj              156     0         0      
       fputc.c.obj                  152     0         0      
       fseek.c.obj                  108     0         0      
       copy_decompress_lzss.c.obj   106     0         0      
       printf.c.obj                 104     0         0      
       s_frexp.c.obj                104     0         0      
       sprintf.c.obj                90      0         0      
       _ltoa.c.obj                  86      0         0      
       cpy_tbl.c.obj                80      0         0      
       atoi.c.obj                   72      0         0      
       exit.c.obj                   52      0         16     
       autoinit.c.obj               56      0         0      
       boot_cortex_m.c.obj          48      0         0      
       _lock.c.obj                  26      0         8      
       memccpy.c.obj                30      0         0      
       assert.c.obj                 28      0         0      
       args_main.c.obj              20      0         0      
       copy_zero_init.c.obj         18      0         0      
       memcpy_t2.S.obj              18      0         0      
       mathacl_init.c.obj           16      0         0      
       wcslen.c.obj                 16      0         0      
       copy_decompress_none.c.obj   14      0         0      
       memset_t2.S.obj              14      0         0      
       pre_init.c.obj               4       0         0      
    +--+----------------------------+-------+---------+---------+
       Total:                       10022   362       506    
                                                             
    C:\Program Files\ti-cgt-armllvm_2.1.0.LTS\lib\armv7em-ti-none-eabihf/c/libsysbm.a
       trgmsg.c.obj                 100     0         288    
       host_device.c.obj            0       0         200    
       open.c.obj                   172     0         1      
       hostrename.c.obj             128     0         0      
       close.c.obj                  96      0         0      
       hostopen.c.obj               88      0         8      
       hostlseek.c.obj              88      0         0      
       hostread.c.obj               84      0         0      
       hostwrite.c.obj              84      0         0      
       hostunlink.c.obj             68      0         0      
       hostclose.c.obj              60      0         0      
       lseek.c.obj                  44      0         0      
       unlink.c.obj                 44      0         0      
       write.c.obj                  44      0         0      
       remove.c.obj                 4       0         0      
    +--+----------------------------+-------+---------+---------+
       Total:                       1104    0         497    
                                                             
    C:\Program Files\ti-cgt-armllvm_2.1.0.LTS\lib\clang/14.0.5/lib/armv7em-ti-none-eabihf/libclang_rt.builtins.a
       adddf3.S.obj                 438     0         0      
       divdf3.S.obj                 310     0         0      
       comparedf2.c.obj             268     0         0      
       muldf3.S.obj                 252     0         0      
       udivmoddi4.S.obj             176     0         0      
       aeabi_dcmp.S.obj             98      0         0      
       fixdfsi.S.obj                72      0         0      
       floatsidf.S.obj              46      0         0      
       aeabi_memset.S.obj           20      0         0      
       aeabi_uldivmod.S.obj         20      0         0      
       aeabi_div0.c.obj             4       0         0      
       aeabi_memcpy.S.obj           4       0         0      
    +--+----------------------------+-------+---------+---------+
       Total:                       1708    0         0      
                                                             
       Heap:                        0       0         8192   
       Stack:                       0       0         32768  
       Linker Generated:            0       157       0      
    +--+----------------------------+-------+---------+---------+
       Grand Total:                 15842   544       41996  


LINKER GENERATED COPY TABLES

__TI_cinit_table @ 00005034 records: 2, size/record: 8, table size: 16
	.data: load addr=00004fa4, load size=00000079 bytes, run addr=2000a020, run size=00000225 bytes, compression=lzss
	.bss: load addr=0000502c, load size=00000008 bytes, run addr=2000a248, run size=000001f0 bytes, compression=zero_init


LINKER GENERATED HANDLER TABLE

__TI_handler_table @ 00005020 records: 3, size/record: 4, table size: 12
	index: 0, handler: __TI_zero_init
	index: 1, handler: __TI_decompress_lzss
	index: 2, handler: __TI_decompress_none


GLOBAL SYMBOLS: SORTED ALPHABETICALLY BY Name 

address   name                                
-------   ----                                
00003e0c  C$$EXIT                             
000038b7  C$$IO$$                             
00002775  CanIf_Arc_Error                     
00003c25  CanIf_Arc_GetChannelDefaultConfIndex
2000a408  CanIf_Config                        
000029b1  CanIf_ControllerBusOff              
00003a4b  CanIf_GetControllerMode             
00003a77  CanIf_GetPduMode                    
2000a428  CanIf_Global                        
00002aa7  CanIf_Init                          
00002815  CanIf_InitController                
0000358d  CanIf_PreInit_InitController        
00001ad1  CanIf_RxIndication                  
00001429  CanIf_SetControllerMode             
000009f5  CanIf_SetPduMode                    
000034b1  CanIf_SetWakeupEvent                
00002379  CanIf_Transmit                      
00002c09  CanIf_TxConfirmation                
00003d5f  Can_Arc_GetStatistics               
00003da9  Can_Cbk_CheckWakeup                 
00000ccf  Can_DeInit                          
00003db3  Can_DisableControllerInterrupts     
00003dbd  Can_EnableControllerInterrupts      
00003dd1  Can_Init                            
00003d6b  Can_InitController                  
000017af  Can_MainFunction_BusOff             
00001d47  Can_MainFunction_Error              
00002467  Can_MainFunction_Read               
000028a3  Can_MainFunction_Wakeup             
00002b1f  Can_MainFunction_Write              
00003ccb  Can_SetControllerMode               
00003cfd  Can_Write                           
00003775  HOSTclose                           
000031c1  HOSTlseek                           
00003219  HOSTopen                            
000032c9  HOSTread                            
00002fd9  HOSTrename                          
000036ad  HOSTunlink                          
0000331d  HOSTwrite                           
00003ca7  TI_memcpy_small                     
00003d43  TI_memset_small                     
2000a248  _CIOBUF_                            
2000a248  __CIOBUF_                           
20008020  __STACK_END                         
00008000  __STACK_SIZE                        
00002000  __SYSMEM_SIZE                       
00005034  __TI_CINIT_Base                     
00005044  __TI_CINIT_Limit                    
00005044  __TI_CINIT_Warm                     
00005020  __TI_Handler_Table_Base             
0000502c  __TI_Handler_Table_Limit            
00003821  __TI_auto_init_nobinit_nopinit      
00003859  __TI_cleanup                        
2000a210  __TI_cleanup_ptr                    
00002b21  __TI_closefile                      
00002e35  __TI_decompress_lzss                
00003d51  __TI_decompress_none                
00003415  __TI_doflush                        
2000a214  __TI_dtors_ptr                      
2000a218  __TI_enable_exit_profile_output     
2000a21c  __TI_ft_end                         
000017ab  __TI_heap_check                     
000036f1  __TI_heap_largest_available         
00003735  __TI_heap_total_available           
00003271  __TI_ltoa                           
ffffffff  __TI_pprof_out_hndl                 
00000021  __TI_printfi                        
00000f89  __TI_printfi_minimal                
ffffffff  __TI_prof_data_size                 
ffffffff  __TI_prof_data_start                
000034fb  __TI_rd_ok                          
0000395d  __TI_readmsg                        
00004fa4  __TI_static_base__                  
2000a368  __TI_tmpnams                        
0000388d  __TI_writemsg                       
0000309f  __TI_wrt_ok                         
00003cb9  __TI_zero_init_nomemset             
000015ff  __adddf3                            
00003df1  __aeabi_MB_CUR_MAX                  
000035d5  __aeabi_assert                      
00003e20  __aeabi_ctype_table_                
00003e20  __aeabi_ctype_table_C               
00003665  __aeabi_d2iz                        
000015ff  __aeabi_dadd                        
0000303d  __aeabi_dcmpeq                      
00003079  __aeabi_dcmpge                      
0000308d  __aeabi_dcmpgt                      
00003065  __aeabi_dcmple                      
00003051  __aeabi_dcmplt                      
0000398d  __aeabi_dcmpun                      
00001c11  __aeabi_ddiv                        
00002095  __aeabi_dmul                        
000015f5  __aeabi_dsub                        
2000a220  __aeabi_errno                       
00003dd9  __aeabi_errno_addr                  
00003a1d  __aeabi_i2d                         
00002c7b  __aeabi_idiv0                       
00002ceb  __aeabi_ldiv0                       
00003de1  __aeabi_localeconv                  
00003c79  __aeabi_memclr                      
00003c79  __aeabi_memclr4                     
00003c79  __aeabi_memclr8                     
00003e11  __aeabi_memcpy                      
00003e11  __aeabi_memcpy4                     
00003e11  __aeabi_memcpy8                     
00003c6d  __aeabi_memset                      
00003c6d  __aeabi_memset4                     
00003c6d  __aeabi_memset8                     
2000a224  __aeabi_stderr                      
2000a228  __aeabi_stdin                       
2000a22c  __aeabi_stdout                      
00003c81  __aeabi_uldivmod                    
ffffffff  __binit__                           
00003fa4  __c_args__                          
00002ced  __cmpdf2                            
00001c11  __divdf3                            
2000a230  __dso_handle                        
00002ced  __eqdf2                             
00003665  __fixdfsi                           
00003a1d  __floatsidf                         
00002c7d  __gedf2                             
00002c7d  __gtdf2                             
00002ced  __ledf2                             
00002ced  __ltdf2                             
00003cdd  __mathacl_init                      
UNDEFED   __mpu_init                          
00002095  __muldf3                            
00002ced  __nedf2                             
20000020  __stack                             
20000020  __start___llvm_prf_bits             
20000020  __start___llvm_prf_cnts             
20000020  __stop___llvm_prf_bits              
20000020  __stop___llvm_prf_cnts              
000015f5  __subdf3                            
00002619  __udivmoddi4                        
0000398d  __unorddf2                          
00003bed  _abort_msg                          
00003c59  _args_main                          
000039ed  _c_int00                            
2000a110  _device                             
2000a020  _ftable                             
2000a234  _lock                               
00002dc7  _nop                                
00003d79  _register_lock                      
00003d85  _register_unlock                    
2000a188  _stream                             
20008020  _sys_memory                         
UNDEFED   _system_post_cinit                  
00003dfd  _system_pre_init                    
2000a238  _unlock                             
00003e0d  abort                               
00001e69  aligned_alloc                       
0000361d  atoi                                
ffffffff  binit                               
000037b1  calloc                              
00003101  close                               
000033c5  copy_in                             
000039bd  exit                                
00003aa5  fclose                              
00002b95  fflush                              
000038f5  finddevice                          
0000292d  fopen                               
000028a5  fputc                               
00002289  fputs                               
00002191  free                                
00003929  freopen                             
00002ea1  frexp                               
00002ea1  frexpl                              
00003e01  fseek                               
00002f09  fseeko                              
00002f71  getdevice                           
00001f89  ldexp                               
00001f89  ldexpl                              
00003ad1  lseek                               
00003b55  main                                
00003de9  malloc                              
00001e69  memalign                            
00003bcd  memccpy                             
00003d91  minit                               
000026c9  open                                
2000a420  parmbuf                             
00003161  printf                              
00003e05  putc                                
00003d9d  putchar                             
00003ba9  puts                                
00002469  realloc                             
00003e09  remove                              
00001f89  scalbn                              
00001f89  scalbnl                             
00002541  setvbuf                             
000037e9  sprintf                             
00003afd  unlink                              
00003ced  wcslen                              
00003b29  write                               


GLOBAL SYMBOLS: SORTED BY Symbol Address 

address   name                                
-------   ----                                
00000021  __TI_printfi                        
000009f5  CanIf_SetPduMode                    
00000ccf  Can_DeInit                          
00000f89  __TI_printfi_minimal                
00001429  CanIf_SetControllerMode             
000015f5  __aeabi_dsub                        
000015f5  __subdf3                            
000015ff  __adddf3                            
000015ff  __aeabi_dadd                        
000017ab  __TI_heap_check                     
000017af  Can_MainFunction_BusOff             
00001ad1  CanIf_RxIndication                  
00001c11  __aeabi_ddiv                        
00001c11  __divdf3                            
00001d47  Can_MainFunction_Error              
00001e69  aligned_alloc                       
00001e69  memalign                            
00001f89  ldexp                               
00001f89  ldexpl                              
00001f89  scalbn                              
00001f89  scalbnl                             
00002000  __SYSMEM_SIZE                       
00002095  __aeabi_dmul                        
00002095  __muldf3                            
00002191  free                                
00002289  fputs                               
00002379  CanIf_Transmit                      
00002467  Can_MainFunction_Read               
00002469  realloc                             
00002541  setvbuf                             
00002619  __udivmoddi4                        
000026c9  open                                
00002775  CanIf_Arc_Error                     
00002815  CanIf_InitController                
000028a3  Can_MainFunction_Wakeup             
000028a5  fputc                               
0000292d  fopen                               
000029b1  CanIf_ControllerBusOff              
00002aa7  CanIf_Init                          
00002b1f  Can_MainFunction_Write              
00002b21  __TI_closefile                      
00002b95  fflush                              
00002c09  CanIf_TxConfirmation                
00002c7b  __aeabi_idiv0                       
00002c7d  __gedf2                             
00002c7d  __gtdf2                             
00002ceb  __aeabi_ldiv0                       
00002ced  __cmpdf2                            
00002ced  __eqdf2                             
00002ced  __ledf2                             
00002ced  __ltdf2                             
00002ced  __nedf2                             
00002dc7  _nop                                
00002e35  __TI_decompress_lzss                
00002ea1  frexp                               
00002ea1  frexpl                              
00002f09  fseeko                              
00002f71  getdevice                           
00002fd9  HOSTrename                          
0000303d  __aeabi_dcmpeq                      
00003051  __aeabi_dcmplt                      
00003065  __aeabi_dcmple                      
00003079  __aeabi_dcmpge                      
0000308d  __aeabi_dcmpgt                      
0000309f  __TI_wrt_ok                         
00003101  close                               
00003161  printf                              
000031c1  HOSTlseek                           
00003219  HOSTopen                            
00003271  __TI_ltoa                           
000032c9  HOSTread                            
0000331d  HOSTwrite                           
000033c5  copy_in                             
00003415  __TI_doflush                        
000034b1  CanIf_SetWakeupEvent                
000034fb  __TI_rd_ok                          
0000358d  CanIf_PreInit_InitController        
000035d5  __aeabi_assert                      
0000361d  atoi                                
00003665  __aeabi_d2iz                        
00003665  __fixdfsi                           
000036ad  HOSTunlink                          
000036f1  __TI_heap_largest_available         
00003735  __TI_heap_total_available           
00003775  HOSTclose                           
000037b1  calloc                              
000037e9  sprintf                             
00003821  __TI_auto_init_nobinit_nopinit      
00003859  __TI_cleanup                        
0000388d  __TI_writemsg                       
000038b7  C$$IO$$                             
000038f5  finddevice                          
00003929  freopen                             
0000395d  __TI_readmsg                        
0000398d  __aeabi_dcmpun                      
0000398d  __unorddf2                          
000039bd  exit                                
000039ed  _c_int00                            
00003a1d  __aeabi_i2d                         
00003a1d  __floatsidf                         
00003a4b  CanIf_GetControllerMode             
00003a77  CanIf_GetPduMode                    
00003aa5  fclose                              
00003ad1  lseek                               
00003afd  unlink                              
00003b29  write                               
00003b55  main                                
00003ba9  puts                                
00003bcd  memccpy                             
00003bed  _abort_msg                          
00003c25  CanIf_Arc_GetChannelDefaultConfIndex
00003c59  _args_main                          
00003c6d  __aeabi_memset                      
00003c6d  __aeabi_memset4                     
00003c6d  __aeabi_memset8                     
00003c79  __aeabi_memclr                      
00003c79  __aeabi_memclr4                     
00003c79  __aeabi_memclr8                     
00003c81  __aeabi_uldivmod                    
00003ca7  TI_memcpy_small                     
00003cb9  __TI_zero_init_nomemset             
00003ccb  Can_SetControllerMode               
00003cdd  __mathacl_init                      
00003ced  wcslen                              
00003cfd  Can_Write                           
00003d43  TI_memset_small                     
00003d51  __TI_decompress_none                
00003d5f  Can_Arc_GetStatistics               
00003d6b  Can_InitController                  
00003d79  _register_lock                      
00003d85  _register_unlock                    
00003d91  minit                               
00003d9d  putchar                             
00003da9  Can_Cbk_CheckWakeup                 
00003db3  Can_DisableControllerInterrupts     
00003dbd  Can_EnableControllerInterrupts      
00003dd1  Can_Init                            
00003dd9  __aeabi_errno_addr                  
00003de1  __aeabi_localeconv                  
00003de9  malloc                              
00003df1  __aeabi_MB_CUR_MAX                  
00003dfd  _system_pre_init                    
00003e01  fseek                               
00003e05  putc                                
00003e09  remove                              
00003e0c  C$$EXIT                             
00003e0d  abort                               
00003e11  __aeabi_memcpy                      
00003e11  __aeabi_memcpy4                     
00003e11  __aeabi_memcpy8                     
00003e20  __aeabi_ctype_table_                
00003e20  __aeabi_ctype_table_C               
00003fa4  __c_args__                          
00004fa4  __TI_static_base__                  
00005020  __TI_Handler_Table_Base             
0000502c  __TI_Handler_Table_Limit            
00005034  __TI_CINIT_Base                     
00005044  __TI_CINIT_Limit                    
00005044  __TI_CINIT_Warm                     
00008000  __STACK_SIZE                        
20000020  __stack                             
20000020  __start___llvm_prf_bits             
20000020  __start___llvm_prf_cnts             
20000020  __stop___llvm_prf_bits              
20000020  __stop___llvm_prf_cnts              
20008020  __STACK_END                         
20008020  _sys_memory                         
2000a020  _ftable                             
2000a110  _device                             
2000a188  _stream                             
2000a210  __TI_cleanup_ptr                    
2000a214  __TI_dtors_ptr                      
2000a218  __TI_enable_exit_profile_output     
2000a21c  __TI_ft_end                         
2000a220  __aeabi_errno                       
2000a224  __aeabi_stderr                      
2000a228  __aeabi_stdin                       
2000a22c  __aeabi_stdout                      
2000a230  __dso_handle                        
2000a234  _lock                               
2000a238  _unlock                             
2000a248  _CIOBUF_                            
2000a248  __CIOBUF_                           
2000a368  __TI_tmpnams                        
2000a408  CanIf_Config                        
2000a420  parmbuf                             
2000a428  CanIf_Global                        
ffffffff  __TI_pprof_out_hndl                 
ffffffff  __TI_prof_data_size                 
ffffffff  __TI_prof_data_start                
ffffffff  __binit__                           
ffffffff  binit                               
UNDEFED   __mpu_init                          
UNDEFED   _system_post_cinit                  

[194 symbols]
