******************************************************************************
            TI ARM Clang Linker PC v2.1.0                      
******************************************************************************
>> Linked Wed May 15 11:22:32 2024

OUTPUT FILE NAME:   <output.hex>
ENTRY POINT SYMBOL: "_c_int00"  address: 000039d5


MEMORY CONFIGURATION

         name            origin    length      used     unused   attr    fill
----------------------  --------  ---------  --------  --------  ----  --------
  P_MEM                 00000020   00040000  00004fff  0003b001  RWIX
  D_MEM                 20000020   00010000  0000a415  00005beb  RWIX


SEGMENT ALLOCATION MAP

run origin  load origin   length   init length attrs members
----------  ----------- ---------- ----------- ----- -------
00000020    00000020    00003f63   00003f63    r-x
  00000020    00000020    00003ddc   00003ddc    r-x .text
  00003e00    00003e00    00000183   00000183    r-- .rodata
00003f84    00003f84    00001000   00001000    rw-
  00003f84    00003f84    00001000   00001000    rw- .args
00004f84    00004f84    000000a0   000000a0    r--
  00004f84    00004f84    000000a0   000000a0    r-- .cinit
20000020    20000020    0000a418   00000000    rw-
  20000020    20000020    00008000   00000000    rw- .stack
  20008020    20008020    00002000   00000000    rw- .sysmem
  2000a020    2000a020    00000225   00000000    rw- .data
  2000a248    2000a248    000001f0   00000000    rw- .bss


SECTION ALLOCATION MAP

 output                                  attributes/
section   page    origin      length       input sections
--------  ----  ----------  ----------   ----------------
.text      0    00000020    00003ddc     
                  00000020    000009d4     libc.a : _printfi.c.obj (.text:__TI_printfi)
                  000009f4    000002da     CanIf.o (.text.CanIf_SetPduMode)
                  00000cce    00000002     stubs.o (.text.Can_DeInit)
                  00000cd0    000002b8     libc.a : _printfi.c.obj (.text._pconv_a)
                  00000f88    00000268            : _printfi.c.obj (.text:__TI_printfi_minimal)
                  000011f0    00000238            : _printfi.c.obj (.text._pconv_g)
                  00001428    000001b6     libclang_rt.builtins.a : adddf3.S.obj (.text)
                  000015de    00000002     stubs.o (.text.Can_MainFunction_BusOff)
                  000015e0    000001b2     CanIf.o (.text.CanIf_SetControllerMode)
                  00001792    00000004     libc.a : memory.c.obj (.text.__TI_heap_check)
                  00001796    00000002     stubs.o (.text.Can_MainFunction_Error)
                  00001798    000001a0     libc.a : _printfi.c.obj (.text.fcvt)
                  00001938    00000180            : _printfi.c.obj (.text._pconv_e)
                  00001ab8    00000146     CanIf.o (.text.CanIf_RxIndication)
                  00001bfe    00000002     stubs.o (.text.Can_MainFunction_Read)
                  00001c00    00000136     libclang_rt.builtins.a : divdf3.S.obj (.text)
                  00001d36    00000002     stubs.o (.text.Can_MainFunction_Wakeup)
                  00001d38    00000120     libc.a : fopen.c.obj (.text._openfile)
                  00001e58    00000120            : memory.c.obj (.text.aligned_alloc)
                  00001f78    0000010c            : s_scalbn.c.obj (.text.scalbn)
                  00002084    000000fc     libclang_rt.builtins.a : muldf3.S.obj (.text)
                  00002180    000000f8     libc.a : memory.c.obj (.text.free)
                  00002278    000000f0            : fputs.c.obj (.text.fputs)
                  00002368    000000ee     CanIf.o (.text.CanIf_Transmit)
                  00002456    00000002     stubs.o (.text.Can_MainFunction_Write)
                  00002458    000000d8     libc.a : memory.c.obj (.text.realloc)
                  00002530    000000d8            : setvbuf.c.obj (.text.setvbuf)
                  00002608    000000b0     libclang_rt.builtins.a : udivmoddi4.S.obj (.text)
                  000026b8    000000ac     libsysbm.a : open.c.obj (.text.open)
                  00002764    000000a0     CanIf.o (.text.CanIf_Arc_Error)
                  00002804    00000088     CanIf.o (.text.CanIf_InitController)
                  0000288c    00000088     libc.a : fputc.c.obj (.text.fputc)
                  00002914    00000084            : fopen.c.obj (.text.fopen)
                  00002998    0000007e     CanIf.o (.text.CanIf_ControllerBusOff)
                  00002a16    00000078     CanIf.o (.text.CanIf_Arc_FindHrhChannel)
                  00002a8e    00000078     CanIf.o (.text.CanIf_Init)
                  00002b06    00000002     libclang_rt.builtins.a : aeabi_div0.c.obj (.text.__aeabi_idiv0)
                  00002b08    00000074     libc.a : fclose.c.obj (.text.__TI_closefile)
                  00002b7c    00000074            : fflush.c.obj (.text.fflush)
                  00002bf0    00000072     CanIf.o (.text.CanIf_TxConfirmation)
                  00002c62    00000002     libclang_rt.builtins.a : aeabi_div0.c.obj (.text.__aeabi_ldiv0)
                  00002c64    0000006e                            : comparedf2.c.obj (.text.__gedf2)
                  00002cd2    00000002     libc.a : _lock.c.obj (.text._nop)
                  00002cd4    0000006e     libclang_rt.builtins.a : comparedf2.c.obj (.text.__ledf2)
                  00002d42    0000006c     libc.a : _printfi.c.obj (.text._mcpy)
                  00002dae    00000002     --HOLE-- [fill = 0]
                  00002db0    0000006c            : memory.c.obj (.text.split)
                  00002e1c    0000006a            : copy_decompress_lzss.c.obj (.text:decompress:lzss)
                  00002e86    00000002     --HOLE-- [fill = 0]
                  00002e88    00000068            : s_frexp.c.obj (.text.frexp)
                  00002ef0    00000068            : fseek.c.obj (.text.fseeko)
                  00002f58    00000068            : getdevice.c.obj (.text.getdevice)
                  00002fc0    00000064     libsysbm.a : hostrename.c.obj (.text.HOSTrename)
                  00003024    00000062     libclang_rt.builtins.a : aeabi_dcmp.S.obj (.text)
                  00003086    00000060     libc.a : _io_perm.c.obj (.text.__TI_wrt_ok)
                  000030e6    00000002     --HOLE-- [fill = 0]
                  000030e8    00000060     libsysbm.a : close.c.obj (.text.close)
                  00003148    00000060     libc.a : printf.c.obj (.text.printf)
                  000031a8    00000058     libsysbm.a : hostlseek.c.obj (.text.HOSTlseek)
                  00003200    00000058                : hostopen.c.obj (.text.HOSTopen)
                  00003258    00000056     libc.a : _ltoa.c.obj (.text.__TI_ltoa)
                  000032ae    00000002     --HOLE-- [fill = 0]
                  000032b0    00000054     libsysbm.a : hostread.c.obj (.text.HOSTread)
                  00003304    00000054                : hostwrite.c.obj (.text.HOSTwrite)
                  00003358    00000054     libc.a : _printfi.c.obj (.text._pconv_f)
                  000033ac    00000050            : cpy_tbl.c.obj (.text.copy_in)
                  000033fc    0000004e            : fflush.c.obj (.text.__TI_doflush)
                  0000344a    0000004e            : _printfi.c.obj (.text._ecpy)
                  00003498    0000004a     CanIf.o (.text.CanIf_SetWakeupEvent)
                  000034e2    0000004a     libc.a : _io_perm.c.obj (.text.__TI_rd_ok)
                  0000352c    00000048     CanIf.o (.text.CanIf_FindTxPduEntry)
                  00003574    00000048     CanIf.o (.text.CanIf_PreInit_InitController)
                  000035bc    00000048     libc.a : aeabi_portable.c.obj (.text.__aeabi_assert)
                  00003604    00000048            : atoi.c.obj (.text.atoi)
                  0000364c    00000048     libclang_rt.builtins.a : fixdfsi.S.obj (.text)
                  00003694    00000044     libsysbm.a : hostunlink.c.obj (.text.HOSTunlink)
                  000036d8    00000044     libc.a : memory.c.obj (.text.__TI_heap_largest_available)
                  0000371c    00000040            : memory.c.obj (.text.__TI_heap_total_available)
                  0000375c    0000003c     libsysbm.a : hostclose.c.obj (.text.HOSTclose)
                  00003798    00000038     libc.a : memory.c.obj (.text.calloc)
                  000037d0    00000038            : sprintf.c.obj (.text.sprintf)
                  00003808    00000038            : autoinit.c.obj (.text:__TI_auto_init_nobinit_nopinit)
                  00003840    00000034            : fopen.c.obj (.text.__TI_cleanup)
                  00003874    00000034     libsysbm.a : trgmsg.c.obj (.text.__TI_writemsg)
                  000038a8    00000034     libc.a : _printfi.c.obj (.text._fcpy)
                  000038dc    00000034            : getdevice.c.obj (.text.finddevice)
                  00003910    00000034            : fopen.c.obj (.text.freopen)
                  00003944    00000030     libsysbm.a : trgmsg.c.obj (.text.__TI_readmsg)
                  00003974    00000030     libclang_rt.builtins.a : comparedf2.c.obj (.text.__unorddf2)
                  000039a4    00000030     libc.a : exit.c.obj (.text.exit)
                  000039d4    00000030            : boot_cortex_m.c.obj (.text:_c_int00)
                  00003a04    0000002e     libclang_rt.builtins.a : floatsidf.S.obj (.text)
                  00003a32    0000002c     CanIf.o (.text.CanIf_GetControllerMode)
                  00003a5e    0000002c     CanIf.o (.text.CanIf_GetPduMode)
                  00003a8a    00000002     --HOLE-- [fill = 0]
                  00003a8c    0000002c     libc.a : fclose.c.obj (.text.fclose)
                  00003ab8    0000002c     libsysbm.a : lseek.c.obj (.text.lseek)
                  00003ae4    0000002c                : unlink.c.obj (.text.unlink)
                  00003b10    0000002c                : write.c.obj (.text.write)
                  00003b3c    0000002a     main.o (.text.main)
                  00003b66    00000002     --HOLE-- [fill = 0]
                  00003b68    00000028     libc.a : memory.c.obj (.text.free_list_insert)
                  00003b90    00000024            : fputs.c.obj (.text.puts)
                  00003bb4    0000001e            : memccpy.c.obj (.text.memccpy)
                  00003bd2    00000002     --HOLE-- [fill = 0]
                  00003bd4    0000001c            : assert.c.obj (.text._abort_msg)
                  00003bf0    0000001c            : memory.c.obj (.text.free_list_remove)
                  00003c0c    0000001a     CanIf.o (.text.CanIf_Arc_GetChannelDefaultConfIndex)
                  00003c26    00000018     libc.a : sprintf.c.obj (.text._outs)
                  00003c3e    00000002     --HOLE-- [fill = 0]
                  00003c40    00000014            : args_main.c.obj (.text._args_main)
                  00003c54    00000014     libclang_rt.builtins.a : aeabi_memset.S.obj (.text)
                  00003c68    00000014                            : aeabi_uldivmod.S.obj (.text)
                  00003c7c    00000012     libc.a : _printfi.c.obj (.text.strchr)
                  00003c8e    00000012            : memcpy_t2.S.obj (.text:TI_memcpy_small)
                  00003ca0    00000012            : copy_zero_init.c.obj (.text:decompress:ZI:__TI_zero_init_nomemset)
                  00003cb2    00000010     stubs.o (.text.Can_SetControllerMode)
                  00003cc2    00000002     --HOLE-- [fill = 0]
                  00003cc4    00000010     libc.a : mathacl_init.c.obj (.text.__mathacl_init)
                  00003cd4    00000010            : wcslen.c.obj (.text.wcslen)
                  00003ce4    0000000e     stubs.o (.text.Can_Write)
                  00003cf2    0000000e     libsysbm.a : hostrename.c.obj (.text.strcpy)
                  00003d00    0000000e     libc.a : _printfi.c.obj (.text.strlen)
                  00003d0e    0000000e            : aeabi_portable.c.obj (.text.strlen)
                  00003d1c    0000000e     libsysbm.a : hostrename.c.obj (.text.strlen)
                  00003d2a    0000000e     libc.a : memset_t2.S.obj (.text:TI_memset_small)
                  00003d38    0000000e            : copy_decompress_none.c.obj (.text:decompress:none)
                  00003d46    0000000c     stubs.o (.text.Can_Arc_GetStatistics)
                  00003d52    0000000c     stubs.o (.text.Can_InitController)
                  00003d5e    00000002     --HOLE-- [fill = 0]
                  00003d60    0000000c     libc.a : _lock.c.obj (.text._register_lock)
                  00003d6c    0000000c            : _lock.c.obj (.text._register_unlock)
                  00003d78    0000000c            : memory.c.obj (.text.minit)
                  00003d84    0000000c            : fputc.c.obj (.text.putchar)
                  00003d90    0000000a     stubs.o (.text.Can_Cbk_CheckWakeup)
                  00003d9a    0000000a     stubs.o (.text.Can_DisableControllerInterrupts)
                  00003da4    0000000a     stubs.o (.text.Can_EnableControllerInterrupts)
                  00003dae    0000000a     libc.a : sprintf.c.obj (.text._outc)
                  00003db8    00000008     stubs.o (.text.Can_Init)
                  00003dc0    00000008     libc.a : aeabi_portable.c.obj (.text.__aeabi_errno_addr)
                  00003dc8    00000008            : aeabi_portable.c.obj (.text.__aeabi_localeconv)
                  00003dd0    00000008            : memory.c.obj (.text.malloc)
                  00003dd8    00000004            : aeabi_portable.c.obj (.text.__aeabi_MB_CUR_MAX)
                  00003ddc    00000004            : printf.c.obj (.text._outc)
                  00003de0    00000004            : printf.c.obj (.text._outs)
                  00003de4    00000004            : pre_init.c.obj (.text._system_pre_init)
                  00003de8    00000004            : fseek.c.obj (.text.fseek)
                  00003dec    00000004            : fputc.c.obj (.text.putc)
                  00003df0    00000004     libsysbm.a : remove.c.obj (.text.remove)
                  00003df4    00000004     libc.a : exit.c.obj (.text:abort)
                  00003df8    00000004     libclang_rt.builtins.a : aeabi_memcpy.S.obj (.text)

.cinit     0    00004f84    000000a0     
                  00004f84    00000079     (.cinit..data.load) [load image, compression = lzss]
                  00004ffd    00000003     --HOLE-- [fill = 0]
                  00005000    0000000c     (__TI_handler_table)
                  0000500c    00000008     (.cinit..bss.load) [load image, compression = zero_init]
                  00005014    00000010     (__TI_cinit_table)

.stack     0    20000020    00008000     UNINITIALIZED
                  20000020    00000004     libc.a : boot_cortex_m.c.obj (.stack)
                  20000024    00007ffc     --HOLE--

.sysmem    0    20008020    00002000     UNINITIALIZED
                  20008020    00000010     libc.a : memory.c.obj (.sysmem)
                  20008030    00001ff0     --HOLE--

.data      0    2000a020    00000225     UNINITIALIZED
                  2000a020    000000f0     libc.a : defs.c.obj (.data._ftable)
                  2000a110    00000078     libsysbm.a : host_device.c.obj (.data._device)
                  2000a188    00000050                : host_device.c.obj (.data._stream)
                  2000a1d8    00000038     libc.a : aeabi_portable.c.obj (.data.C_locale)
                  2000a210    00000008            : exit.c.obj (.data..L_MergedGlobals)
                  2000a218    00000004            : exit.c.obj (.data.__TI_enable_exit_profile_output)
                  2000a21c    00000004            : defs.c.obj (.data.__TI_ft_end)
                  2000a220    00000004            : aeabi_portable.c.obj (.data.__aeabi_errno)
                  2000a224    00000004            : defs.c.obj (.data.__aeabi_stderr)
                  2000a228    00000004            : defs.c.obj (.data.__aeabi_stdin)
                  2000a22c    00000004            : defs.c.obj (.data.__aeabi_stdout)
                  2000a230    00000004            : exit.c.obj (.data.__dso_handle)
                  2000a234    00000004            : _lock.c.obj (.data._lock)
                  2000a238    00000004            : _lock.c.obj (.data._unlock)
                  2000a23c    00000001            : fopen.c.obj (.data._search_fp.init)
                  2000a23d    00000003     --HOLE--
                  2000a240    00000001            : memory.c.obj (.data.memory_is_initialized)
                  2000a241    00000003     --HOLE--
                  2000a244    00000001     libsysbm.a : open.c.obj (.data.open.stream_init)

.bss       0    2000a248    000001f0     UNINITIALIZED
                  2000a248    00000120     libsysbm.a : trgmsg.c.obj (.bss:_CIOBUF_)
                  2000a368    000000a0     (.common:__TI_tmpnams)
                  2000a408    00000018     (.common:CanIf_Config)
                  2000a420    00000008     (.common:parmbuf)
                  2000a428    00000005     (.common:CanIf_Global)
                  2000a42d    00000003     --HOLE--
                  2000a430    00000004     CanIf.o (.bss.CanIf_ConfigPtr)
                  2000a434    00000004     libc.a : memory.c.obj (.bss.sys_free)

.rodata    0    00003e00    00000183     
                  00003e00    00000101     libc.a : aeabi_ctype.S.obj (.rodata)
                  00003f01    00000045            : aeabi_portable.c.obj (.rodata.str1.1)
                  00003f46    00000022            : _printfi.c.obj (.rodata.str1.1)
                  00003f68    00000019     main.o (.rodata.str1.1)
                  00003f81    00000002     libc.a : fputs.c.obj (.rodata.str1.1)

.init_array 
*          0    00000020    00000000     UNINITIALIZED

__llvm_prf_cnts 
*          0    20000020    00000000     UNINITIALIZED

__llvm_prf_bits 
*          0    20000020    00000000     UNINITIALIZED

.args      0    00003f84    00001000     
                  00003f84    00001000     --HOLE-- [fill = 0]

MODULE SUMMARY

       Module                       code    ro data   rw data
       ------                       ----    -------   -------
    <current directory>
       CanIf.o                      2836    0         9      
       stubs.o                      104     0         24     
       main.o                       42      25        0      
    +--+----------------------------+-------+---------+---------+
       Total:                       2982    25        33     
                                                             
    C:\Program Files\ti-cgt-armllvm_2.1.0.LTS\lib\armv7em-ti-none-eabihf/c/libc.a
       _printfi.c.obj               5550    34        0      
       memory.c.obj                 1140    0         5      
       fopen.c.obj                  524     0         1      
       defs.c.obj                   0       0         416    
       fputs.c.obj                  276     2         0      
       s_scalbn.c.obj               268     0         0      
       aeabi_ctype.S.obj            0       257       0      
       aeabi_portable.c.obj         106     69        60     
       setvbuf.c.obj                216     0         0      
       fflush.c.obj                 194     0         0      
       _io_perm.c.obj               170     0         0      
       fclose.c.obj                 160     0         0      
       getdevice.c.obj              156     0         0      
       fputc.c.obj                  152     0         0      
       fseek.c.obj                  108     0         0      
       copy_decompress_lzss.c.obj   106     0         0      
       printf.c.obj                 104     0         0      
       s_frexp.c.obj                104     0         0      
       sprintf.c.obj                90      0         0      
       _ltoa.c.obj                  86      0         0      
       cpy_tbl.c.obj                80      0         0      
       atoi.c.obj                   72      0         0      
       exit.c.obj                   52      0         16     
       autoinit.c.obj               56      0         0      
       boot_cortex_m.c.obj          48      0         0      
       _lock.c.obj                  26      0         8      
       memccpy.c.obj                30      0         0      
       assert.c.obj                 28      0         0      
       args_main.c.obj              20      0         0      
       copy_zero_init.c.obj         18      0         0      
       memcpy_t2.S.obj              18      0         0      
       mathacl_init.c.obj           16      0         0      
       wcslen.c.obj                 16      0         0      
       copy_decompress_none.c.obj   14      0         0      
       memset_t2.S.obj              14      0         0      
       pre_init.c.obj               4       0         0      
    +--+----------------------------+-------+---------+---------+
       Total:                       10022   362       506    
                                                             
    C:\Program Files\ti-cgt-armllvm_2.1.0.LTS\lib\armv7em-ti-none-eabihf/c/libsysbm.a
       trgmsg.c.obj                 100     0         288    
       host_device.c.obj            0       0         200    
       open.c.obj                   172     0         1      
       hostrename.c.obj             128     0         0      
       close.c.obj                  96      0         0      
       hostopen.c.obj               88      0         8      
       hostlseek.c.obj              88      0         0      
       hostread.c.obj               84      0         0      
       hostwrite.c.obj              84      0         0      
       hostunlink.c.obj             68      0         0      
       hostclose.c.obj              60      0         0      
       lseek.c.obj                  44      0         0      
       unlink.c.obj                 44      0         0      
       write.c.obj                  44      0         0      
       remove.c.obj                 4       0         0      
    +--+----------------------------+-------+---------+---------+
       Total:                       1104    0         497    
                                                             
    C:\Program Files\ti-cgt-armllvm_2.1.0.LTS\lib\clang/14.0.5/lib/armv7em-ti-none-eabihf/libclang_rt.builtins.a
       adddf3.S.obj                 438     0         0      
       divdf3.S.obj                 310     0         0      
       comparedf2.c.obj             268     0         0      
       muldf3.S.obj                 252     0         0      
       udivmoddi4.S.obj             176     0         0      
       aeabi_dcmp.S.obj             98      0         0      
       fixdfsi.S.obj                72      0         0      
       floatsidf.S.obj              46      0         0      
       aeabi_memset.S.obj           20      0         0      
       aeabi_uldivmod.S.obj         20      0         0      
       aeabi_div0.c.obj             4       0         0      
       aeabi_memcpy.S.obj           4       0         0      
    +--+----------------------------+-------+---------+---------+
       Total:                       1708    0         0      
                                                             
       Heap:                        0       0         8192   
       Stack:                       0       0         32768  
       Linker Generated:            0       157       0      
    +--+----------------------------+-------+---------+---------+
       Grand Total:                 15816   544       41996  


LINKER GENERATED COPY TABLES

__TI_cinit_table @ 00005014 records: 2, size/record: 8, table size: 16
	.data: load addr=00004f84, load size=00000079 bytes, run addr=2000a020, run size=00000225 bytes, compression=lzss
	.bss: load addr=0000500c, load size=00000008 bytes, run addr=2000a248, run size=000001f0 bytes, compression=zero_init


LINKER GENERATED HANDLER TABLE

__TI_handler_table @ 00005000 records: 3, size/record: 4, table size: 12
	index: 0, handler: __TI_zero_init
	index: 1, handler: __TI_decompress_lzss
	index: 2, handler: __TI_decompress_none


GLOBAL SYMBOLS: SORTED ALPHABETICALLY BY Name 

address   name                                
-------   ----                                
00003df4  C$$EXIT                             
0000389f  C$$IO$$                             
00002765  CanIf_Arc_Error                     
00003c0d  CanIf_Arc_GetChannelDefaultConfIndex
2000a408  CanIf_Config                        
00002999  CanIf_ControllerBusOff              
00003a33  CanIf_GetControllerMode             
00003a5f  CanIf_GetPduMode                    
2000a428  CanIf_Global                        
00002a8f  CanIf_Init                          
00002805  CanIf_InitController                
00003575  CanIf_PreInit_InitController        
00001ab9  CanIf_RxIndication                  
000015e1  CanIf_SetControllerMode             
000009f5  CanIf_SetPduMode                    
00003499  CanIf_SetWakeupEvent                
00002369  CanIf_Transmit                      
00002bf1  CanIf_TxConfirmation                
00003d47  Can_Arc_GetStatistics               
00003d91  Can_Cbk_CheckWakeup                 
00000ccf  Can_DeInit                          
00003d9b  Can_DisableControllerInterrupts     
00003da5  Can_EnableControllerInterrupts      
00003db9  Can_Init                            
00003d53  Can_InitController                  
000015df  Can_MainFunction_BusOff             
00001797  Can_MainFunction_Error              
00001bff  Can_MainFunction_Read               
00001d37  Can_MainFunction_Wakeup             
00002457  Can_MainFunction_Write              
00003cb3  Can_SetControllerMode               
00003ce5  Can_Write                           
0000375d  HOSTclose                           
000031a9  HOSTlseek                           
00003201  HOSTopen                            
000032b1  HOSTread                            
00002fc1  HOSTrename                          
00003695  HOSTunlink                          
00003305  HOSTwrite                           
00003c8f  TI_memcpy_small                     
00003d2b  TI_memset_small                     
2000a248  _CIOBUF_                            
2000a248  __CIOBUF_                           
20008020  __STACK_END                         
00008000  __STACK_SIZE                        
00002000  __SYSMEM_SIZE                       
00005014  __TI_CINIT_Base                     
00005024  __TI_CINIT_Limit                    
00005024  __TI_CINIT_Warm                     
00005000  __TI_Handler_Table_Base             
0000500c  __TI_Handler_Table_Limit            
00003809  __TI_auto_init_nobinit_nopinit      
00003841  __TI_cleanup                        
2000a210  __TI_cleanup_ptr                    
00002b09  __TI_closefile                      
00002e1d  __TI_decompress_lzss                
00003d39  __TI_decompress_none                
000033fd  __TI_doflush                        
2000a214  __TI_dtors_ptr                      
2000a218  __TI_enable_exit_profile_output     
2000a21c  __TI_ft_end                         
00001793  __TI_heap_check                     
000036d9  __TI_heap_largest_available         
0000371d  __TI_heap_total_available           
00003259  __TI_ltoa                           
ffffffff  __TI_pprof_out_hndl                 
00000021  __TI_printfi                        
00000f89  __TI_printfi_minimal                
ffffffff  __TI_prof_data_size                 
ffffffff  __TI_prof_data_start                
000034e3  __TI_rd_ok                          
00003945  __TI_readmsg                        
00004f84  __TI_static_base__                  
2000a368  __TI_tmpnams                        
00003875  __TI_writemsg                       
00003087  __TI_wrt_ok                         
00003ca1  __TI_zero_init_nomemset             
00001433  __adddf3                            
00003dd9  __aeabi_MB_CUR_MAX                  
000035bd  __aeabi_assert                      
00003e00  __aeabi_ctype_table_                
00003e00  __aeabi_ctype_table_C               
0000364d  __aeabi_d2iz                        
00001433  __aeabi_dadd                        
00003025  __aeabi_dcmpeq                      
00003061  __aeabi_dcmpge                      
00003075  __aeabi_dcmpgt                      
0000304d  __aeabi_dcmple                      
00003039  __aeabi_dcmplt                      
00003975  __aeabi_dcmpun                      
00001c01  __aeabi_ddiv                        
00002085  __aeabi_dmul                        
00001429  __aeabi_dsub                        
2000a220  __aeabi_errno                       
00003dc1  __aeabi_errno_addr                  
00003a05  __aeabi_i2d                         
00002b07  __aeabi_idiv0                       
00002c63  __aeabi_ldiv0                       
00003dc9  __aeabi_localeconv                  
00003c61  __aeabi_memclr                      
00003c61  __aeabi_memclr4                     
00003c61  __aeabi_memclr8                     
00003df9  __aeabi_memcpy                      
00003df9  __aeabi_memcpy4                     
00003df9  __aeabi_memcpy8                     
00003c55  __aeabi_memset                      
00003c55  __aeabi_memset4                     
00003c55  __aeabi_memset8                     
2000a224  __aeabi_stderr                      
2000a228  __aeabi_stdin                       
2000a22c  __aeabi_stdout                      
00003c69  __aeabi_uldivmod                    
ffffffff  __binit__                           
00003f84  __c_args__                          
00002cd5  __cmpdf2                            
00001c01  __divdf3                            
2000a230  __dso_handle                        
00002cd5  __eqdf2                             
0000364d  __fixdfsi                           
00003a05  __floatsidf                         
00002c65  __gedf2                             
00002c65  __gtdf2                             
00002cd5  __ledf2                             
00002cd5  __ltdf2                             
00003cc5  __mathacl_init                      
UNDEFED   __mpu_init                          
00002085  __muldf3                            
00002cd5  __nedf2                             
20000020  __stack                             
20000020  __start___llvm_prf_bits             
20000020  __start___llvm_prf_cnts             
20000020  __stop___llvm_prf_bits              
20000020  __stop___llvm_prf_cnts              
00001429  __subdf3                            
00002609  __udivmoddi4                        
00003975  __unorddf2                          
00003bd5  _abort_msg                          
00003c41  _args_main                          
000039d5  _c_int00                            
2000a110  _device                             
2000a020  _ftable                             
2000a234  _lock                               
00002cd3  _nop                                
00003d61  _register_lock                      
00003d6d  _register_unlock                    
2000a188  _stream                             
20008020  _sys_memory                         
UNDEFED   _system_post_cinit                  
00003de5  _system_pre_init                    
2000a238  _unlock                             
00003df5  abort                               
00001e59  aligned_alloc                       
00003605  atoi                                
ffffffff  binit                               
00003799  calloc                              
000030e9  close                               
000033ad  copy_in                             
000039a5  exit                                
00003a8d  fclose                              
00002b7d  fflush                              
000038dd  finddevice                          
00002915  fopen                               
0000288d  fputc                               
00002279  fputs                               
00002181  free                                
00003911  freopen                             
00002e89  frexp                               
00002e89  frexpl                              
00003de9  fseek                               
00002ef1  fseeko                              
00002f59  getdevice                           
00001f79  ldexp                               
00001f79  ldexpl                              
00003ab9  lseek                               
00003b3d  main                                
00003dd1  malloc                              
00001e59  memalign                            
00003bb5  memccpy                             
00003d79  minit                               
000026b9  open                                
2000a420  parmbuf                             
00003149  printf                              
00003ded  putc                                
00003d85  putchar                             
00003b91  puts                                
00002459  realloc                             
00003df1  remove                              
00001f79  scalbn                              
00001f79  scalbnl                             
00002531  setvbuf                             
000037d1  sprintf                             
00003ae5  unlink                              
00003cd5  wcslen                              
00003b11  write                               


GLOBAL SYMBOLS: SORTED BY Symbol Address 

address   name                                
-------   ----                                
00000021  __TI_printfi                        
000009f5  CanIf_SetPduMode                    
00000ccf  Can_DeInit                          
00000f89  __TI_printfi_minimal                
00001429  __aeabi_dsub                        
00001429  __subdf3                            
00001433  __adddf3                            
00001433  __aeabi_dadd                        
000015df  Can_MainFunction_BusOff             
000015e1  CanIf_SetControllerMode             
00001793  __TI_heap_check                     
00001797  Can_MainFunction_Error              
00001ab9  CanIf_RxIndication                  
00001bff  Can_MainFunction_Read               
00001c01  __aeabi_ddiv                        
00001c01  __divdf3                            
00001d37  Can_MainFunction_Wakeup             
00001e59  aligned_alloc                       
00001e59  memalign                            
00001f79  ldexp                               
00001f79  ldexpl                              
00001f79  scalbn                              
00001f79  scalbnl                             
00002000  __SYSMEM_SIZE                       
00002085  __aeabi_dmul                        
00002085  __muldf3                            
00002181  free                                
00002279  fputs                               
00002369  CanIf_Transmit                      
00002457  Can_MainFunction_Write              
00002459  realloc                             
00002531  setvbuf                             
00002609  __udivmoddi4                        
000026b9  open                                
00002765  CanIf_Arc_Error                     
00002805  CanIf_InitController                
0000288d  fputc                               
00002915  fopen                               
00002999  CanIf_ControllerBusOff              
00002a8f  CanIf_Init                          
00002b07  __aeabi_idiv0                       
00002b09  __TI_closefile                      
00002b7d  fflush                              
00002bf1  CanIf_TxConfirmation                
00002c63  __aeabi_ldiv0                       
00002c65  __gedf2                             
00002c65  __gtdf2                             
00002cd3  _nop                                
00002cd5  __cmpdf2                            
00002cd5  __eqdf2                             
00002cd5  __ledf2                             
00002cd5  __ltdf2                             
00002cd5  __nedf2                             
00002e1d  __TI_decompress_lzss                
00002e89  frexp                               
00002e89  frexpl                              
00002ef1  fseeko                              
00002f59  getdevice                           
00002fc1  HOSTrename                          
00003025  __aeabi_dcmpeq                      
00003039  __aeabi_dcmplt                      
0000304d  __aeabi_dcmple                      
00003061  __aeabi_dcmpge                      
00003075  __aeabi_dcmpgt                      
00003087  __TI_wrt_ok                         
000030e9  close                               
00003149  printf                              
000031a9  HOSTlseek                           
00003201  HOSTopen                            
00003259  __TI_ltoa                           
000032b1  HOSTread                            
00003305  HOSTwrite                           
000033ad  copy_in                             
000033fd  __TI_doflush                        
00003499  CanIf_SetWakeupEvent                
000034e3  __TI_rd_ok                          
00003575  CanIf_PreInit_InitController        
000035bd  __aeabi_assert                      
00003605  atoi                                
0000364d  __aeabi_d2iz                        
0000364d  __fixdfsi                           
00003695  HOSTunlink                          
000036d9  __TI_heap_largest_available         
0000371d  __TI_heap_total_available           
0000375d  HOSTclose                           
00003799  calloc                              
000037d1  sprintf                             
00003809  __TI_auto_init_nobinit_nopinit      
00003841  __TI_cleanup                        
00003875  __TI_writemsg                       
0000389f  C$$IO$$                             
000038dd  finddevice                          
00003911  freopen                             
00003945  __TI_readmsg                        
00003975  __aeabi_dcmpun                      
00003975  __unorddf2                          
000039a5  exit                                
000039d5  _c_int00                            
00003a05  __aeabi_i2d                         
00003a05  __floatsidf                         
00003a33  CanIf_GetControllerMode             
00003a5f  CanIf_GetPduMode                    
00003a8d  fclose                              
00003ab9  lseek                               
00003ae5  unlink                              
00003b11  write                               
00003b3d  main                                
00003b91  puts                                
00003bb5  memccpy                             
00003bd5  _abort_msg                          
00003c0d  CanIf_Arc_GetChannelDefaultConfIndex
00003c41  _args_main                          
00003c55  __aeabi_memset                      
00003c55  __aeabi_memset4                     
00003c55  __aeabi_memset8                     
00003c61  __aeabi_memclr                      
00003c61  __aeabi_memclr4                     
00003c61  __aeabi_memclr8                     
00003c69  __aeabi_uldivmod                    
00003c8f  TI_memcpy_small                     
00003ca1  __TI_zero_init_nomemset             
00003cb3  Can_SetControllerMode               
00003cc5  __mathacl_init                      
00003cd5  wcslen                              
00003ce5  Can_Write                           
00003d2b  TI_memset_small                     
00003d39  __TI_decompress_none                
00003d47  Can_Arc_GetStatistics               
00003d53  Can_InitController                  
00003d61  _register_lock                      
00003d6d  _register_unlock                    
00003d79  minit                               
00003d85  putchar                             
00003d91  Can_Cbk_CheckWakeup                 
00003d9b  Can_DisableControllerInterrupts     
00003da5  Can_EnableControllerInterrupts      
00003db9  Can_Init                            
00003dc1  __aeabi_errno_addr                  
00003dc9  __aeabi_localeconv                  
00003dd1  malloc                              
00003dd9  __aeabi_MB_CUR_MAX                  
00003de5  _system_pre_init                    
00003de9  fseek                               
00003ded  putc                                
00003df1  remove                              
00003df4  C$$EXIT                             
00003df5  abort                               
00003df9  __aeabi_memcpy                      
00003df9  __aeabi_memcpy4                     
00003df9  __aeabi_memcpy8                     
00003e00  __aeabi_ctype_table_                
00003e00  __aeabi_ctype_table_C               
00003f84  __c_args__                          
00004f84  __TI_static_base__                  
00005000  __TI_Handler_Table_Base             
0000500c  __TI_Handler_Table_Limit            
00005014  __TI_CINIT_Base                     
00005024  __TI_CINIT_Limit                    
00005024  __TI_CINIT_Warm                     
00008000  __STACK_SIZE                        
20000020  __stack                             
20000020  __start___llvm_prf_bits             
20000020  __start___llvm_prf_cnts             
20000020  __stop___llvm_prf_bits              
20000020  __stop___llvm_prf_cnts              
20008020  __STACK_END                         
20008020  _sys_memory                         
2000a020  _ftable                             
2000a110  _device                             
2000a188  _stream                             
2000a210  __TI_cleanup_ptr                    
2000a214  __TI_dtors_ptr                      
2000a218  __TI_enable_exit_profile_output     
2000a21c  __TI_ft_end                         
2000a220  __aeabi_errno                       
2000a224  __aeabi_stderr                      
2000a228  __aeabi_stdin                       
2000a22c  __aeabi_stdout                      
2000a230  __dso_handle                        
2000a234  _lock                               
2000a238  _unlock                             
2000a248  _CIOBUF_                            
2000a248  __CIOBUF_                           
2000a368  __TI_tmpnams                        
2000a408  CanIf_Config                        
2000a420  parmbuf                             
2000a428  CanIf_Global                        
ffffffff  __TI_pprof_out_hndl                 
ffffffff  __TI_prof_data_size                 
ffffffff  __TI_prof_data_start                
ffffffff  __binit__                           
ffffffff  binit                               
UNDEFED   __mpu_init                          
UNDEFED   _system_post_cinit                  

[194 symbols]
